// Jest Snapshot v1, https://goo.gl/fbAQLP

exports[`QueenDetailPage component renders QueenDetailPage 1`] = `
<DocumentFragment>
  <h1>
    Loading...
  </h1>
</DocumentFragment>
`;

exports[`QueenDetailPage component renders QueenDetailPage 2`] = `
<DocumentFragment>
  <h1 />
  <img />
  <p />
</DocumentFragment>
`;
