// Jest Snapshot v1, https://goo.gl/fbAQLP

exports[`CharacterItem component renders CharacterItem 1`] = `
<DocumentFragment>
  <div
    data-testid="details"
  >
    <h1>
       Trixie 
    </h1>
    <img
      alt="Trixie"
      src="test.png"
    />
    <p>
       words and things 
    </p>
  </div>
</DocumentFragment>
`;
